
Note: No compatibility mode selected!


Circuit: Piezo Microphone Preamplifier

Doing analysis at TEMP = 27.000000 and TNOM = 27.000000

Using SPARSE 1.3 as Direct Linear Solver

No. of Data Rows : 501

No. of Data Rows : 1

Initial Transient Solution
--------------------------

Node                                   Voltage
----                                   -------
vdd                                        3.3
vss                                          0
piezo                                        0
in                                     1.64992
vbias                                  1.64992
buf1                                   1.81493
buf1_out                               1.81491
coupled                                1.64992
amp_int                                1.65155
inv2                                   1.64992
out                                     1.6499
e_amp2#branch                     -1.64974e-05
e_buffer1#branch                  -1.64993e-07
vpiezo#branch                      1.64992e-07
vss#branch                                   0
vdd#branch                        -1.65033e-05


No. of Data Rows : 1020
Error: no such vector frequency
DC Operating Point:
                         Piezo Microphone Preamplifier
                         Transient Analysis  Mon May 26 14:25:00  2025
--------------------------------------------------------------------------------
Index   time            v(vbias)        v(out)          
--------------------------------------------------------------------------------
0	0.000000e+00	1.649917e+00	1.649901e+00	
1	1.000000e-07	1.649914e+00	-1.87852e+00	
2	1.027956e-07	1.649914e+00	-1.81352e+00	
3	1.083868e-07	1.649914e+00	-1.89929e+00	
4	1.195692e-07	1.649913e+00	-1.74970e+00	
5	1.324057e-07	1.649913e+00	-1.96658e+00	
6	1.539809e-07	1.649912e+00	-1.68295e+00	
7	1.783575e-07	1.649911e+00	-2.02720e+00	
8	2.098969e-07	1.649910e+00	-1.62310e+00	
9	2.470731e-07	1.649909e+00	-2.08321e+00	
10	2.920378e-07	1.649907e+00	-1.57027e+00	
11	3.514026e-07	1.649905e+00	-2.12953e+00	
12	4.301087e-07	1.649902e+00	-1.53253e+00	
13	5.438301e-07	1.649898e+00	-2.15870e+00	
14	7.213693e-07	1.649892e+00	-1.51230e+00	
15	1.024032e-06	1.649882e+00	-2.17178e+00	
16	1.606412e-06	1.649861e+00	-1.50514e+00	
17	2.771172e-06	1.649821e+00	-2.17590e+00	
18	5.100692e-06	1.649739e+00	-1.50316e+00	
19	9.759733e-06	1.649577e+00	-2.17413e+00	
20	1.907781e-05	1.649252e+00	-1.48676e+00	
21	2.907781e-05	1.648906e+00	-2.13128e+00	
22	3.907781e-05	1.648563e+00	-1.41513e+00	
23	4.907781e-05	1.648226e+00	-2.03327e+00	
24	5.907781e-05	1.647894e+00	-1.28993e+00	
25	6.907781e-05	1.647571e+00	-1.88258e+00	
26	7.907781e-05	1.647256e+00	-1.11310e+00	
27	8.907781e-05	1.646951e+00	-1.68156e+00	
28	9.907781e-05	1.646658e+00	-8.87390e-01	
29	1.090778e-04	1.646377e+00	-1.43341e+00	
30	1.190778e-04	1.646110e+00	-6.16147e-01	
31	1.290778e-04	1.645857e+00	-1.14201e+00	
32	1.390778e-04	1.645620e+00	-3.03676e-01	
33	1.490778e-04	1.645400e+00	-8.11879e-01	
34	1.590778e-04	1.645197e+00	4.495016e-02	
35	1.690778e-04	1.645012e+00	-4.47880e-01	
36	1.790778e-04	1.644846e+00	4.242365e-01	
37	1.890778e-04	1.644700e+00	-5.60826e-02	
38	1.990778e-04	1.644574e+00	8.282062e-01	
39	2.090778e-04	1.644469e+00	3.572574e-01	
40	2.190778e-04	1.644385e+00	1.250493e+00	
41	2.290778e-04	1.644322e+00	7.856163e-01	
42	2.390778e-04	1.644282e+00	1.684442e+00	
43	2.490778e-04	1.644263e+00	1.222234e+00	
44	2.590778e-04	1.644266e+00	2.123215e+00	
45	2.690778e-04	1.644290e+00	1.660220e+00	
46	2.790778e-04	1.644337e+00	2.559896e+00	
47	2.890778e-04	1.644406e+00	2.092661e+00	
48	2.990778e-04	1.644495e+00	2.987604e+00	
49	3.090778e-04	1.644606e+00	2.512734e+00	
50	3.190778e-04	1.644737e+00	3.399598e+00	
51	3.290778e-04	1.644889e+00	2.913809e+00	
52	3.390778e-04	1.645060e+00	3.789386e+00	
53	3.490778e-04	1.645250e+00	3.289556e+00	
54	3.590778e-04	1.645457e+00	4.150712e+00	

Index   time            v(vbias)        v(out)          
--------------------------------------------------------------------------------
55	3.690778e-04	1.645682e+00	3.634044e+00	
56	3.790778e-04	1.645924e+00	4.477617e+00	
57	3.890778e-04	1.646180e+00	3.941832e+00	
58	3.990778e-04	1.646451e+00	4.765300e+00	
59	4.090778e-04	1.646736e+00	4.207891e+00	
60	4.190778e-04	1.647032e+00	5.009303e+00	
61	4.290778e-04	1.647340e+00	4.428031e+00	
62	4.390778e-04	1.647657e+00	5.205792e+00	
63	4.490778e-04	1.647983e+00	4.598973e+00	
64	4.590778e-04	1.648316e+00	5.351681e+00	
65	4.690778e-04	1.648655e+00	4.718051e+00	
66	4.790778e-04	1.648999e+00	5.444676e+00	
67	4.890778e-04	1.649345e+00	4.783392e+00	
68	4.990778e-04	1.649694e+00	5.483316e+00	
69	5.090778e-04	1.650043e+00	4.793962e+00	
70	5.190778e-04	1.650392e+00	5.466996e+00	
71	5.290778e-04	1.650738e+00	4.749591e+00	
72	5.390778e-04	1.651080e+00	5.395979e+00	
73	5.490778e-04	1.651418e+00	4.650972e+00	
74	5.590778e-04	1.651749e+00	5.271386e+00	
75	5.690778e-04	1.652073e+00	4.499650e+00	
76	5.790778e-04	1.652388e+00	5.095191e+00	
77	5.890778e-04	1.652692e+00	4.297987e+00	
78	5.990778e-04	1.652986e+00	4.870169e+00	
79	6.090778e-04	1.653267e+00	4.049048e+00	
80	6.190778e-04	1.653534e+00	4.599869e+00	
81	6.290778e-04	1.653787e+00	3.756561e+00	
82	6.390778e-04	1.654024e+00	4.288525e+00	
83	6.490778e-04	1.654244e+00	3.425351e+00	
84	6.590778e-04	1.654447e+00	3.940800e+00	
85	6.690778e-04	1.654632e+00	3.060669e+00	
86	6.790778e-04	1.654797e+00	3.562128e+00	
87	6.890778e-04	1.654943e+00	2.668261e+00	
88	6.990778e-04	1.655069e+00	3.158769e+00	
89	7.090778e-04	1.655174e+00	2.254309e+00	
90	7.190778e-04	1.655259e+00	2.737094e+00	
91	7.290778e-04	1.655321e+00	1.825338e+00	
92	7.390778e-04	1.655362e+00	2.303756e+00	
93	7.490778e-04	1.655381e+00	1.388108e+00	
94	7.590778e-04	1.655378e+00	1.865596e+00	
95	7.690778e-04	1.655353e+00	9.495096e-01	
96	7.790778e-04	1.655306e+00	1.429528e+00	
97	7.890778e-04	1.655238e+00	5.164542e-01	
98	7.990778e-04	1.655148e+00	1.002434e+00	
99	8.090778e-04	1.655037e+00	9.576696e-02	
100	8.190778e-04	1.654906e+00	5.910546e-01	
101	8.290778e-04	1.654754e+00	-3.05923e-01	
102	8.390778e-04	1.654584e+00	2.018820e-01	
103	8.490778e-04	1.654394e+00	-6.82276e-01	
104	8.590778e-04	1.654186e+00	-1.58941e-01	
105	8.690778e-04	1.653961e+00	-1.02703e+00	
106	8.790778e-04	1.653720e+00	-4.85720e-01	
107	8.890778e-04	1.653463e+00	-1.33492e+00	
108	8.990778e-04	1.653192e+00	-7.73251e-01	
109	9.090778e-04	1.652907e+00	-1.60129e+00	
110	9.190778e-04	1.652611e+00	-1.01679e+00	
111	9.290778e-04	1.652303e+00	-1.82198e+00	
112	9.390778e-04	1.651986e+00	-1.21270e+00	

Index   time            v(vbias)        v(out)          
--------------------------------------------------------------------------------
113	9.490778e-04	1.651660e+00	-1.99351e+00	
114	9.590778e-04	1.651327e+00	-1.35799e+00	
115	9.690778e-04	1.650988e+00	-2.11320e+00	
116	9.790778e-04	1.650644e+00	-1.45038e+00	
117	9.890778e-04	1.650298e+00	-2.17915e+00	
118	9.990778e-04	1.649949e+00	-1.48840e+00	
119	1.009078e-03	1.649600e+00	-2.19034e+00	
120	1.019078e-03	1.649251e+00	-1.47146e+00	
121	1.029078e-03	1.648905e+00	-2.14659e+00	
122	1.039078e-03	1.648563e+00	-1.39982e+00	
123	1.049078e-03	1.648225e+00	-2.04860e+00	
124	1.059078e-03	1.647894e+00	-1.27460e+00	
125	1.069078e-03	1.647570e+00	-1.89791e+00	
126	1.079078e-03	1.647255e+00	-1.09775e+00	
127	1.089078e-03	1.646951e+00	-1.69691e+00	
128	1.099078e-03	1.646657e+00	-8.72025e-01	
129	1.109078e-03	1.646376e+00	-1.44877e+00	
130	1.119078e-03	1.646109e+00	-6.00750e-01	
131	1.129078e-03	1.645856e+00	-1.15739e+00	
132	1.139078e-03	1.645619e+00	-2.88265e-01	
133	1.149078e-03	1.645399e+00	-8.27285e-01	
134	1.159078e-03	1.645196e+00	6.037465e-02	
135	1.169078e-03	1.645011e+00	-4.63314e-01	
136	1.179078e-03	1.644845e+00	4.396747e-01	
137	1.189078e-03	1.644699e+00	-7.15305e-02	
138	1.199078e-03	1.644573e+00	8.436582e-01	
139	1.209078e-03	1.644468e+00	3.417957e-01	
140	1.219078e-03	1.644384e+00	1.265959e+00	
141	1.229078e-03	1.644322e+00	7.701409e-01	
142	1.239078e-03	1.644281e+00	1.699922e+00	
143	1.249078e-03	1.644262e+00	1.206745e+00	
144	1.259078e-03	1.644265e+00	2.138708e+00	
145	1.269078e-03	1.644290e+00	1.644717e+00	
146	1.279078e-03	1.644336e+00	2.575403e+00	
147	1.289078e-03	1.644405e+00	2.077144e+00	
148	1.299078e-03	1.644495e+00	3.003125e+00	
149	1.309078e-03	1.644605e+00	2.497204e+00	
150	1.319078e-03	1.644737e+00	3.415133e+00	
151	1.329078e-03	1.644888e+00	2.898265e+00	
152	1.339078e-03	1.645059e+00	3.804934e+00	
153	1.349078e-03	1.645249e+00	3.273998e+00	
154	1.359078e-03	1.645457e+00	4.166257e+00	
155	1.369078e-03	1.645682e+00	3.618472e+00	
156	1.379078e-03	1.645923e+00	4.493166e+00	
157	1.389078e-03	1.646180e+00	3.926247e+00	
158	1.399078e-03	1.646451e+00	4.780862e+00	
159	1.409078e-03	1.646735e+00	4.192311e+00	
160	1.419078e-03	1.647032e+00	5.024877e+00	
161	1.429078e-03	1.647339e+00	4.412443e+00	
162	1.439078e-03	1.647656e+00	5.221381e+00	
163	1.449078e-03	1.647982e+00	4.583373e+00	
164	1.459078e-03	1.648315e+00	5.367283e+00	
165	1.469078e-03	1.648654e+00	4.702438e+00	
166	1.479078e-03	1.648998e+00	5.460292e+00	
167	1.489078e-03	1.649345e+00	4.767765e+00	
168	1.499078e-03	1.649693e+00	5.498947e+00	
169	1.509078e-03	1.650043e+00	4.778321e+00	
170	1.519078e-03	1.650391e+00	5.482639e+00	

Index   time            v(vbias)        v(out)          
--------------------------------------------------------------------------------
171	1.529078e-03	1.650737e+00	4.733936e+00	
172	1.539078e-03	1.651080e+00	5.411635e+00	
173	1.549078e-03	1.651417e+00	4.635303e+00	
174	1.559078e-03	1.651749e+00	5.287058e+00	
175	1.569078e-03	1.652072e+00	4.483966e+00	
176	1.579078e-03	1.652387e+00	5.110877e+00	
177	1.589078e-03	1.652692e+00	4.282285e+00	
178	1.599078e-03	1.652985e+00	4.885870e+00	
179	1.609078e-03	1.653266e+00	4.033316e+00	
180	1.619078e-03	1.653533e+00	4.615584e+00	
181	1.629078e-03	1.653786e+00	3.740807e+00	
182	1.639078e-03	1.654023e+00	4.304258e+00	
183	1.649078e-03	1.654243e+00	3.409584e+00	
184	1.659078e-03	1.654446e+00	3.956570e+00	
185	1.669078e-03	1.654631e+00	3.044888e+00	
186	1.679078e-03	1.654797e+00	3.577913e+00	
187	1.689078e-03	1.654943e+00	2.652465e+00	
188	1.699078e-03	1.655069e+00	3.174568e+00	
189	1.709078e-03	1.655174e+00	2.238500e+00	
190	1.719078e-03	1.655258e+00	2.752907e+00	
191	1.729078e-03	1.655320e+00	1.809515e+00	
192	1.739078e-03	1.655361e+00	2.319584e+00	
193	1.749078e-03	1.655380e+00	1.372271e+00	
194	1.759078e-03	1.655377e+00	1.881438e+00	
195	1.769078e-03	1.655352e+00	9.336581e-01	
196	1.779078e-03	1.655306e+00	1.445384e+00	
197	1.789078e-03	1.655237e+00	5.005887e-01	
198	1.799078e-03	1.655147e+00	1.018304e+00	
199	1.809078e-03	1.655037e+00	7.988731e-02	
200	1.819078e-03	1.654905e+00	6.069384e-01	
201	1.829078e-03	1.654754e+00	-3.21816e-01	
202	1.839078e-03	1.654583e+00	2.177798e-01	
203	1.849078e-03	1.654393e+00	-6.98181e-01	
204	1.859078e-03	1.654185e+00	-1.43029e-01	
205	1.869078e-03	1.653960e+00	-1.04293e+00	
206	1.879078e-03	1.653719e+00	-4.69794e-01	
207	1.889078e-03	1.653462e+00	-1.35083e+00	
208	1.899078e-03	1.653191e+00	-7.57320e-01	
209	1.909078e-03	1.652907e+00	-1.61721e+00	
210	1.919078e-03	1.652610e+00	-1.00086e+00	
211	1.929078e-03	1.652303e+00	-1.83791e+00	
212	1.939078e-03	1.651985e+00	-1.19676e+00	
213	1.949078e-03	1.651659e+00	-2.00946e+00	
214	1.959078e-03	1.651326e+00	-1.34204e+00	
215	1.969078e-03	1.650987e+00	-2.12916e+00	
216	1.979078e-03	1.650644e+00	-1.43441e+00	
217	1.989078e-03	1.650297e+00	-2.19513e+00	
218	1.999078e-03	1.649948e+00	-1.47242e+00	
219	2.009078e-03	1.649599e+00	-2.20633e+00	
220	2.019078e-03	1.649250e+00	-1.45546e+00	
221	2.029078e-03	1.648904e+00	-2.16259e+00	
222	2.039078e-03	1.648562e+00	-1.38381e+00	
223	2.049078e-03	1.648224e+00	-2.06462e+00	
224	2.059078e-03	1.647893e+00	-1.25857e+00	
225	2.069078e-03	1.647569e+00	-1.91395e+00	
226	2.079078e-03	1.647255e+00	-1.08171e+00	
227	2.089078e-03	1.646950e+00	-1.71296e+00	
228	2.099078e-03	1.646656e+00	-8.55961e-01	

Index   time            v(vbias)        v(out)          
--------------------------------------------------------------------------------
229	2.109078e-03	1.646376e+00	-1.46484e+00	
230	2.119078e-03	1.646108e+00	-5.84654e-01	
231	2.129078e-03	1.645856e+00	-1.17347e+00	
232	2.139078e-03	1.645619e+00	-2.72154e-01	
233	2.149078e-03	1.645398e+00	-8.43390e-01	
234	2.159078e-03	1.645195e+00	7.650035e-02	
235	2.169078e-03	1.645010e+00	-4.79450e-01	
236	2.179078e-03	1.644845e+00	4.558148e-01	
237	2.189078e-03	1.644699e+00	-8.76806e-02	
238	2.199078e-03	1.644573e+00	8.598126e-01	
239	2.209078e-03	1.644468e+00	3.256313e-01	
240	2.219078e-03	1.644384e+00	1.282128e+00	
241	2.229078e-03	1.644321e+00	7.539620e-01	
242	2.239078e-03	1.644280e+00	1.716105e+00	
243	2.249078e-03	1.644261e+00	1.190551e+00	
244	2.259078e-03	1.644264e+00	2.154906e+00	
245	2.269078e-03	1.644289e+00	1.628509e+00	
246	2.279078e-03	1.644336e+00	2.591615e+00	
247	2.289078e-03	1.644404e+00	2.060922e+00	
248	2.299078e-03	1.644494e+00	3.019351e+00	
249	2.309078e-03	1.644605e+00	2.480967e+00	
250	2.319078e-03	1.644736e+00	3.431374e+00	
251	2.329078e-03	1.644887e+00	2.882014e+00	
252	2.339078e-03	1.645058e+00	3.821189e+00	
253	2.349078e-03	1.645248e+00	3.257733e+00	
254	2.359078e-03	1.645456e+00	4.182508e+00	
255	2.369078e-03	1.645681e+00	3.602192e+00	
256	2.379078e-03	1.645922e+00	4.509423e+00	
257	2.389078e-03	1.646179e+00	3.909954e+00	
258	2.399078e-03	1.646450e+00	4.797131e+00	
259	2.409078e-03	1.646734e+00	4.176022e+00	
260	2.419078e-03	1.647031e+00	5.041159e+00	
261	2.429078e-03	1.647338e+00	4.396146e+00	
262	2.439078e-03	1.647656e+00	5.237678e+00	
263	2.449078e-03	1.647981e+00	4.567063e+00	
264	2.459078e-03	1.648315e+00	5.383595e+00	
265	2.469078e-03	1.648654e+00	4.686115e+00	
266	2.479078e-03	1.648997e+00	5.476618e+00	
267	2.489078e-03	1.649344e+00	4.751428e+00	
268	2.499078e-03	1.649693e+00	5.515285e+00	
269	2.509078e-03	1.650042e+00	4.761970e+00	
270	2.519078e-03	1.650390e+00	5.498994e+00	
271	2.529078e-03	1.650736e+00	4.717570e+00	
272	2.539078e-03	1.651079e+00	5.428005e+00	
273	2.549078e-03	1.651416e+00	4.618921e+00	
274	2.559078e-03	1.651748e+00	5.303443e+00	
275	2.569078e-03	1.652071e+00	4.467569e+00	
276	2.579078e-03	1.652386e+00	5.127276e+00	
277	2.589078e-03	1.652691e+00	4.265870e+00	
278	2.599078e-03	1.652984e+00	4.902284e+00	
279	2.609078e-03	1.653265e+00	4.016868e+00	
280	2.619078e-03	1.653532e+00	4.632015e+00	
281	2.629078e-03	1.653785e+00	3.724338e+00	
282	2.639078e-03	1.654022e+00	4.320706e+00	
283	2.649078e-03	1.654242e+00	3.393100e+00	
284	2.659078e-03	1.654445e+00	3.973056e+00	
285	2.669078e-03	1.654630e+00	3.028390e+00	
286	2.679078e-03	1.654796e+00	3.594416e+00	

Index   time            v(vbias)        v(out)          
--------------------------------------------------------------------------------
287	2.689078e-03	1.654942e+00	2.635952e+00	
288	2.699078e-03	1.655068e+00	3.191086e+00	
289	2.709078e-03	1.655173e+00	2.221972e+00	
290	2.719078e-03	1.655257e+00	2.769439e+00	
291	2.729078e-03	1.655320e+00	1.792973e+00	
292	2.739078e-03	1.655360e+00	2.336131e+00	
293	2.749078e-03	1.655379e+00	1.355714e+00	
294	2.759078e-03	1.655376e+00	1.897999e+00	
295	2.769078e-03	1.655352e+00	9.170862e-01	
296	2.779078e-03	1.655305e+00	1.461960e+00	
297	2.789078e-03	1.655236e+00	4.840020e-01	
298	2.799078e-03	1.655147e+00	1.034895e+00	
299	2.809078e-03	1.655036e+00	6.328586e-02	
300	2.819078e-03	1.654904e+00	6.235442e-01	
301	2.829078e-03	1.654753e+00	-3.38433e-01	
302	2.839078e-03	1.654582e+00	2.344005e-01	
303	2.849078e-03	1.654392e+00	-7.14807e-01	
304	2.859078e-03	1.654184e+00	-1.26394e-01	
305	2.869078e-03	1.653959e+00	-1.05955e+00	
306	2.879078e-03	1.653718e+00	-4.53143e-01	
307	2.889078e-03	1.653461e+00	-1.36746e+00	
308	2.899078e-03	1.653190e+00	-7.40664e-01	
309	2.909078e-03	1.652906e+00	-1.63386e+00	
310	2.919078e-03	1.652609e+00	-9.84203e-01	
311	2.929078e-03	1.652302e+00	-1.85457e+00	
312	2.939078e-03	1.651985e+00	-1.18010e+00	
313	2.949078e-03	1.651659e+00	-2.02613e+00	
314	2.959078e-03	1.651326e+00	-1.32536e+00	
315	2.969078e-03	1.650987e+00	-2.14585e+00	
316	2.979078e-03	1.650643e+00	-1.41771e+00	
317	2.989078e-03	1.650296e+00	-2.21183e+00	
318	2.999078e-03	1.649947e+00	-1.45571e+00	
319	3.009078e-03	1.649598e+00	-2.22305e+00	
320	3.019078e-03	1.649250e+00	-1.43874e+00	
321	3.029078e-03	1.648904e+00	-2.17933e+00	
322	3.039078e-03	1.648561e+00	-1.36707e+00	
323	3.049078e-03	1.648224e+00	-2.08136e+00	
324	3.059078e-03	1.647892e+00	-1.24182e+00	
325	3.069078e-03	1.647569e+00	-1.93071e+00	
326	3.079078e-03	1.647254e+00	-1.06494e+00	
327	3.089078e-03	1.646949e+00	-1.72974e+00	
328	3.099078e-03	1.646656e+00	-8.39165e-01	
329	3.109078e-03	1.646375e+00	-1.48163e+00	
330	3.119078e-03	1.646108e+00	-5.67825e-01	
331	3.129078e-03	1.645855e+00	-1.19028e+00	
332	3.139078e-03	1.645618e+00	-2.55310e-01	
333	3.149078e-03	1.645397e+00	-8.60226e-01	
334	3.159078e-03	1.645194e+00	9.335914e-02	
335	3.169078e-03	1.645010e+00	-4.96319e-01	
336	3.179078e-03	1.644844e+00	4.726886e-01	
337	3.189078e-03	1.644698e+00	-1.04565e-01	
338	3.199078e-03	1.644572e+00	8.767014e-01	
339	3.209078e-03	1.644467e+00	3.087320e-01	
340	3.219078e-03	1.644383e+00	1.299031e+00	
341	3.229078e-03	1.644320e+00	7.370478e-01	
342	3.239078e-03	1.644279e+00	1.733024e+00	
343	3.249078e-03	1.644260e+00	1.173622e+00	
344	3.259078e-03	1.644263e+00	2.171840e+00	

Index   time            v(vbias)        v(out)          
--------------------------------------------------------------------------------
345	3.269078e-03	1.644288e+00	1.611565e+00	
346	3.279078e-03	1.644335e+00	2.608564e+00	
347	3.289078e-03	1.644403e+00	2.043963e+00	
348	3.299078e-03	1.644493e+00	3.036315e+00	
349	3.309078e-03	1.644604e+00	2.463993e+00	
350	3.319078e-03	1.644735e+00	3.448353e+00	
351	3.329078e-03	1.644887e+00	2.865024e+00	
352	3.339078e-03	1.645058e+00	3.838183e+00	
353	3.349078e-03	1.645247e+00	3.240728e+00	
354	3.359078e-03	1.645455e+00	4.199496e+00	
355	3.369078e-03	1.645680e+00	3.585173e+00	
356	3.379078e-03	1.645921e+00	4.526418e+00	
357	3.389078e-03	1.646178e+00	3.892919e+00	
358	3.399078e-03	1.646449e+00	4.814140e+00	
359	3.409078e-03	1.646734e+00	4.158992e+00	
360	3.419078e-03	1.647030e+00	5.058183e+00	
361	3.429078e-03	1.647338e+00	4.379109e+00	
362	3.439078e-03	1.647655e+00	5.254716e+00	
363	3.449078e-03	1.647981e+00	4.550013e+00	
364	3.459078e-03	1.648314e+00	5.400648e+00	
365	3.469078e-03	1.648653e+00	4.669050e+00	
366	3.479078e-03	1.648996e+00	5.493686e+00	
367	3.489078e-03	1.649343e+00	4.734348e+00	
368	3.499078e-03	1.649692e+00	5.532369e+00	
369	3.509078e-03	1.650041e+00	4.744874e+00	
370	3.519078e-03	1.650390e+00	5.516092e+00	
371	3.529078e-03	1.650736e+00	4.700459e+00	
372	3.539078e-03	1.651078e+00	5.445118e+00	
373	3.549078e-03	1.651416e+00	4.601795e+00	
374	3.559078e-03	1.651747e+00	5.320572e+00	
375	3.569078e-03	1.652071e+00	4.450425e+00	
376	3.579078e-03	1.652385e+00	5.144420e+00	
377	3.589078e-03	1.652690e+00	4.248707e+00	
378	3.599078e-03	1.652983e+00	4.919444e+00	
379	3.609078e-03	1.653264e+00	3.999670e+00	
380	3.619078e-03	1.653532e+00	4.649191e+00	
381	3.629078e-03	1.653784e+00	3.707121e+00	
382	3.639078e-03	1.654021e+00	4.337902e+00	
383	3.649078e-03	1.654242e+00	3.375867e+00	
384	3.659078e-03	1.654445e+00	3.990290e+00	
385	3.669078e-03	1.654629e+00	3.011141e+00	
386	3.679078e-03	1.654795e+00	3.611669e+00	
387	3.689078e-03	1.654941e+00	2.618689e+00	
388	3.699078e-03	1.655067e+00	3.208354e+00	
389	3.709078e-03	1.655172e+00	2.204693e+00	
390	3.719078e-03	1.655256e+00	2.786723e+00	
391	3.729078e-03	1.655319e+00	1.775678e+00	
392	3.739078e-03	1.655360e+00	2.353430e+00	
393	3.749078e-03	1.655379e+00	1.338404e+00	
394	3.759078e-03	1.655376e+00	1.915314e+00	
395	3.769078e-03	1.655351e+00	8.997610e-01	
396	3.779078e-03	1.655304e+00	1.479290e+00	
397	3.789078e-03	1.655236e+00	4.666614e-01	
398	3.799078e-03	1.655146e+00	1.052240e+00	
399	3.809078e-03	1.655035e+00	4.592982e-02	
400	3.819078e-03	1.654904e+00	6.409050e-01	
401	3.829078e-03	1.654752e+00	-3.55804e-01	
402	3.839078e-03	1.654581e+00	2.517767e-01	

Index   time            v(vbias)        v(out)          
--------------------------------------------------------------------------------
403	3.849078e-03	1.654391e+00	-7.32188e-01	
404	3.859078e-03	1.654184e+00	-1.09002e-01	
405	3.869078e-03	1.653959e+00	-1.07692e+00	
406	3.879078e-03	1.653717e+00	-4.35736e-01	
407	3.889078e-03	1.653461e+00	-1.38485e+00	
408	3.899078e-03	1.653190e+00	-7.23248e-01	
409	3.909078e-03	1.652905e+00	-1.65126e+00	
410	3.919078e-03	1.652609e+00	-9.66791e-01	
411	3.929078e-03	1.652301e+00	-1.87199e+00	
412	3.939078e-03	1.651984e+00	-1.16267e+00	
413	3.949078e-03	1.651658e+00	-2.04357e+00	
414	3.959078e-03	1.651325e+00	-1.30792e+00	
415	3.969078e-03	1.650986e+00	-2.16329e+00	
416	3.979078e-03	1.650642e+00	-1.40026e+00	
417	3.989078e-03	1.650295e+00	-2.22929e+00	
418	3.999078e-03	1.649947e+00	-1.43824e+00	
419	4.009078e-03	1.649597e+00	-2.24052e+00	
420	4.019078e-03	1.649249e+00	-1.42126e+00	
421	4.029078e-03	1.648903e+00	-2.19682e+00	
422	4.039078e-03	1.648560e+00	-1.34957e+00	
423	4.049078e-03	1.648223e+00	-2.09887e+00	
424	4.059078e-03	1.647891e+00	-1.22430e+00	
425	4.069078e-03	1.647568e+00	-1.94824e+00	
426	4.079078e-03	1.647253e+00	-1.04740e+00	
427	4.089078e-03	1.646948e+00	-1.74728e+00	
428	4.099078e-03	1.646655e+00	-8.21604e-01	
429	4.109078e-03	1.646374e+00	-1.49919e+00	
430	4.119078e-03	1.646107e+00	-5.50232e-01	
431	4.129078e-03	1.645854e+00	-1.20786e+00	
432	4.139078e-03	1.645617e+00	-2.37701e-01	
433	4.149078e-03	1.645397e+00	-8.77825e-01	
434	4.159078e-03	1.645194e+00	1.109843e-01	
435	4.169078e-03	1.645009e+00	-5.13955e-01	
436	4.179078e-03	1.644843e+00	4.903295e-01	
437	4.189078e-03	1.644697e+00	-1.22217e-01	
438	4.199078e-03	1.644571e+00	8.943580e-01	
439	4.209078e-03	1.644466e+00	2.910647e-01	
440	4.219078e-03	1.644382e+00	1.316704e+00	
441	4.229078e-03	1.644319e+00	7.193647e-01	
442	4.239078e-03	1.644279e+00	1.750712e+00	
443	4.249078e-03	1.644260e+00	1.155923e+00	
444	4.259078e-03	1.644263e+00	2.189544e+00	
445	4.269078e-03	1.644287e+00	1.593850e+00	
446	4.279078e-03	1.644334e+00	2.626284e+00	
447	4.289078e-03	1.644403e+00	2.026233e+00	
448	4.299078e-03	1.644492e+00	3.054051e+00	
449	4.309078e-03	1.644603e+00	2.446247e+00	
450	4.319078e-03	1.644734e+00	3.466104e+00	
451	4.329078e-03	1.644886e+00	2.847263e+00	
452	4.339078e-03	1.645057e+00	3.855950e+00	
453	4.349078e-03	1.645247e+00	3.222950e+00	
454	4.359078e-03	1.645454e+00	4.217255e+00	
455	4.369078e-03	1.645679e+00	3.567379e+00	
456	4.379078e-03	1.645921e+00	4.544186e+00	
457	4.389078e-03	1.646177e+00	3.875111e+00	
458	4.399078e-03	1.646448e+00	4.831921e+00	
459	4.409078e-03	1.646733e+00	4.141186e+00	
460	4.419078e-03	1.647029e+00	5.075980e+00	

Index   time            v(vbias)        v(out)          
--------------------------------------------------------------------------------
461	4.429078e-03	1.647337e+00	4.361297e+00	
462	4.439078e-03	1.647654e+00	5.272529e+00	
463	4.449078e-03	1.647980e+00	4.532187e+00	
464	4.459078e-03	1.648313e+00	5.418477e+00	
465	4.469078e-03	1.648652e+00	4.651209e+00	
466	4.479078e-03	1.648996e+00	5.511530e+00	
467	4.489078e-03	1.649342e+00	4.716491e+00	
468	4.499078e-03	1.649691e+00	5.550229e+00	
469	4.509078e-03	1.650040e+00	4.727002e+00	
470	4.519078e-03	1.650389e+00	5.533968e+00	
471	4.529078e-03	1.650735e+00	4.682571e+00	
472	4.539078e-03	1.651077e+00	5.463010e+00	
473	4.549078e-03	1.651415e+00	4.583890e+00	
474	4.559078e-03	1.651746e+00	5.338480e+00	
475	4.569078e-03	1.652070e+00	4.432503e+00	
476	4.579078e-03	1.652385e+00	5.162344e+00	
477	4.589078e-03	1.652689e+00	4.230764e+00	
478	4.599078e-03	1.652983e+00	4.937385e+00	
479	4.609078e-03	1.653264e+00	3.981690e+00	
480	4.619078e-03	1.653531e+00	4.667148e+00	
481	4.629078e-03	1.653783e+00	3.689120e+00	
482	4.639078e-03	1.654020e+00	4.355878e+00	
483	4.649078e-03	1.654241e+00	3.357851e+00	
484	4.659078e-03	1.654444e+00	4.008308e+00	
485	4.669078e-03	1.654629e+00	2.993109e+00	
486	4.679078e-03	1.654794e+00	3.629706e+00	
487	4.689078e-03	1.654940e+00	2.600640e+00	
488	4.699078e-03	1.655066e+00	3.226408e+00	
489	4.709078e-03	1.655171e+00	2.186629e+00	
490	4.719078e-03	1.655255e+00	2.804792e+00	
491	4.729078e-03	1.655318e+00	1.757598e+00	
492	4.739078e-03	1.655359e+00	2.371515e+00	
493	4.749078e-03	1.655378e+00	1.320307e+00	
494	4.759078e-03	1.655375e+00	1.933416e+00	
495	4.769078e-03	1.655350e+00	8.816483e-01	
496	4.779078e-03	1.655303e+00	1.497408e+00	
497	4.789078e-03	1.655235e+00	4.485326e-01	
498	4.799078e-03	1.655145e+00	1.070374e+00	
499	4.809078e-03	1.655034e+00	2.778488e-02	
500	4.819078e-03	1.654903e+00	6.590550e-01	
501	4.829078e-03	1.654751e+00	-3.73965e-01	
502	4.839078e-03	1.654580e+00	2.699428e-01	
503	4.849078e-03	1.654391e+00	-7.50357e-01	
504	4.859078e-03	1.654183e+00	-9.08199e-02	
505	4.869078e-03	1.653958e+00	-1.09509e+00	
506	4.879078e-03	1.653717e+00	-4.17538e-01	
507	4.889078e-03	1.653460e+00	-1.40302e+00	
508	4.899078e-03	1.653189e+00	-7.05039e-01	
509	4.909078e-03	1.652904e+00	-1.66945e+00	
510	4.919078e-03	1.652608e+00	-9.48586e-01	
511	4.929078e-03	1.652300e+00	-1.89020e+00	
512	4.939078e-03	1.651983e+00	-1.14445e+00	
513	4.949078e-03	1.651657e+00	-2.06179e+00	
514	4.959078e-03	1.651324e+00	-1.28969e+00	
515	4.969078e-03	1.650985e+00	-2.18153e+00	
516	4.979078e-03	1.650641e+00	-1.38201e+00	
517	4.989078e-03	1.650295e+00	-2.24755e+00	
518	4.999078e-03	1.649946e+00	-1.41998e+00	

Index   time            v(vbias)        v(out)          
--------------------------------------------------------------------------------
519	5.009078e-03	1.649597e+00	-2.25880e+00	
520	5.019078e-03	1.649248e+00	-1.40298e+00	
521	5.029078e-03	1.648902e+00	-2.21511e+00	
522	5.039078e-03	1.648560e+00	-1.33127e+00	
523	5.049078e-03	1.648222e+00	-2.11718e+00	
524	5.059078e-03	1.647891e+00	-1.20599e+00	
525	5.069078e-03	1.647567e+00	-1.96656e+00	
526	5.079078e-03	1.647252e+00	-1.02907e+00	
527	5.089078e-03	1.646948e+00	-1.76562e+00	
528	5.099078e-03	1.646654e+00	-8.03243e-01	
529	5.109078e-03	1.646373e+00	-1.51754e+00	
530	5.119078e-03	1.646106e+00	-5.31838e-01	
531	5.129078e-03	1.645853e+00	-1.22623e+00	
532	5.139078e-03	1.645616e+00	-2.19291e-01	
533	5.149078e-03	1.645396e+00	-8.96224e-01	
534	5.159078e-03	1.645193e+00	1.294108e-01	
535	5.169078e-03	1.645008e+00	-5.32393e-01	
536	5.179078e-03	1.644842e+00	5.087723e-01	
537	5.189078e-03	1.644696e+00	-1.40670e-01	
538	5.199078e-03	1.644570e+00	9.128172e-01	
539	5.209078e-03	1.644465e+00	2.725943e-01	
540	5.219078e-03	1.644381e+00	1.335179e+00	
541	5.229078e-03	1.644319e+00	7.008779e-01	
542	5.239078e-03	1.644278e+00	1.769204e+00	
543	5.249078e-03	1.644259e+00	1.137420e+00	
544	5.259078e-03	1.644262e+00	2.208052e+00	
545	5.269078e-03	1.644287e+00	1.575330e+00	
546	5.279078e-03	1.644333e+00	2.644809e+00	
547	5.289078e-03	1.644402e+00	2.007696e+00	
548	5.299078e-03	1.644492e+00	3.072592e+00	
549	5.309078e-03	1.644602e+00	2.427694e+00	
550	5.319078e-03	1.644734e+00	3.484662e+00	
551	5.329078e-03	1.644885e+00	2.828693e+00	
552	5.339078e-03	1.645056e+00	3.874524e+00	
553	5.349078e-03	1.645246e+00	3.204364e+00	
554	5.359078e-03	1.645454e+00	4.235821e+00	
555	5.369078e-03	1.645679e+00	3.548777e+00	
556	5.379078e-03	1.645920e+00	4.562761e+00	
557	5.389078e-03	1.646177e+00	3.856492e+00	
558	5.399078e-03	1.646448e+00	4.850512e+00	
559	5.409078e-03	1.646732e+00	4.122569e+00	
560	5.419078e-03	1.647029e+00	5.094586e+00	
561	5.429078e-03	1.647336e+00	4.342674e+00	
562	5.439078e-03	1.647653e+00	5.291151e+00	
563	5.449078e-03	1.647979e+00	4.513551e+00	
564	5.459078e-03	1.648312e+00	5.437116e+00	
565	5.469078e-03	1.648651e+00	4.632557e+00	
566	5.479078e-03	1.648995e+00	5.530186e+00	
567	5.489078e-03	1.649342e+00	4.697823e+00	
568	5.499078e-03	1.649690e+00	5.568901e+00	
569	5.509078e-03	1.650040e+00	4.708317e+00	
570	5.519078e-03	1.650388e+00	5.552657e+00	
571	5.529078e-03	1.650734e+00	4.663869e+00	
572	5.539078e-03	1.651077e+00	5.481716e+00	
573	5.549078e-03	1.651414e+00	4.565172e+00	
574	5.559078e-03	1.651745e+00	5.357202e+00	
575	5.569078e-03	1.652069e+00	4.413766e+00	
576	5.579078e-03	1.652384e+00	5.181083e+00	

Index   time            v(vbias)        v(out)          
--------------------------------------------------------------------------------
577	5.589078e-03	1.652689e+00	4.212004e+00	
578	5.599078e-03	1.652982e+00	4.956141e+00	
579	5.609078e-03	1.653263e+00	3.962891e+00	
580	5.619078e-03	1.653530e+00	4.685922e+00	
581	5.629078e-03	1.653783e+00	3.670302e+00	
582	5.639078e-03	1.654020e+00	4.374672e+00	
583	5.649078e-03	1.654240e+00	3.339016e+00	
584	5.659078e-03	1.654443e+00	4.027142e+00	
585	5.669078e-03	1.654628e+00	2.974257e+00	
586	5.679078e-03	1.654794e+00	3.648563e+00	
587	5.689078e-03	1.654940e+00	2.581771e+00	
588	5.699078e-03	1.655066e+00	3.245282e+00	
589	5.709078e-03	1.655171e+00	2.167743e+00	
590	5.719078e-03	1.655255e+00	2.823683e+00	
591	5.729078e-03	1.655317e+00	1.738695e+00	
592	5.739078e-03	1.655358e+00	2.390423e+00	
593	5.749078e-03	1.655377e+00	1.301388e+00	
594	5.759078e-03	1.655374e+00	1.952340e+00	
595	5.769078e-03	1.655349e+00	8.627122e-01	
596	5.779078e-03	1.655302e+00	1.516349e+00	
597	5.789078e-03	1.655234e+00	4.295797e-01	
598	5.799078e-03	1.655144e+00	1.089332e+00	
599	5.809078e-03	1.655033e+00	8.815173e-03	
600	5.819078e-03	1.654902e+00	6.780301e-01	
601	5.829078e-03	1.654751e+00	-3.92952e-01	
602	5.839078e-03	1.654580e+00	2.889348e-01	
603	5.849078e-03	1.654390e+00	-7.69350e-01	
604	5.859078e-03	1.654182e+00	-7.18110e-02	
605	5.869078e-03	1.653957e+00	-1.11408e+00	
606	5.879078e-03	1.653716e+00	-3.98512e-01	
607	5.889078e-03	1.653459e+00	-1.42203e+00	
608	5.899078e-03	1.653188e+00	-6.86000e-01	
609	5.909078e-03	1.652904e+00	-1.68847e+00	
610	5.919078e-03	1.652607e+00	-9.29553e-01	
611	5.929078e-03	1.652300e+00	-1.90923e+00	
612	5.939078e-03	1.651982e+00	-1.12541e+00	
613	5.949078e-03	1.651656e+00	-2.08084e+00	
614	5.959078e-03	1.651323e+00	-1.27063e+00	
615	5.969078e-03	1.650984e+00	-2.20060e+00	
616	5.979078e-03	1.650641e+00	-1.36294e+00	
617	5.989078e-03	1.650294e+00	-2.26663e+00	
618	5.999078e-03	1.649945e+00	-1.40089e+00	
619	6.009078e-03	1.649596e+00	-2.27790e+00	
620	6.019078e-03	1.649247e+00	-1.38387e+00	
621	6.029078e-03	1.648901e+00	-2.23423e+00	
622	6.039078e-03	1.648559e+00	-1.31215e+00	
623	6.049078e-03	1.648221e+00	-2.13632e+00	
624	6.059078e-03	1.647890e+00	-1.18684e+00	
625	6.069078e-03	1.647566e+00	-1.98571e+00	
626	6.079078e-03	1.647252e+00	-1.00990e+00	
627	6.089078e-03	1.646947e+00	-1.78479e+00	
628	6.099078e-03	1.646653e+00	-7.84046e-01	
629	6.109078e-03	1.646373e+00	-1.53673e+00	
630	6.119078e-03	1.646105e+00	-5.12608e-01	
631	6.129078e-03	1.645853e+00	-1.24544e+00	
632	6.139078e-03	1.645616e+00	-2.00044e-01	
633	6.149078e-03	1.645395e+00	-9.15457e-01	
634	6.159078e-03	1.645192e+00	1.486749e-01	

Index   time            v(vbias)        v(out)          
--------------------------------------------------------------------------------
635	6.169078e-03	1.645007e+00	-5.51668e-01	
636	6.179078e-03	1.644842e+00	5.280536e-01	
637	6.189078e-03	1.644696e+00	-1.59963e-01	
638	6.199078e-03	1.644570e+00	9.321156e-01	
639	6.209078e-03	1.644465e+00	2.532843e-01	
640	6.219078e-03	1.644380e+00	1.354495e+00	
641	6.229078e-03	1.644318e+00	6.815507e-01	
642	6.239078e-03	1.644277e+00	1.788537e+00	
643	6.249078e-03	1.644258e+00	1.118076e+00	
644	6.259078e-03	1.644261e+00	2.227402e+00	
645	6.269078e-03	1.644286e+00	1.555969e+00	
646	6.279078e-03	1.644333e+00	2.664176e+00	
647	6.289078e-03	1.644401e+00	1.988318e+00	
648	6.299078e-03	1.644491e+00	3.091977e+00	
649	6.309078e-03	1.644602e+00	2.408298e+00	
650	6.319078e-03	1.644733e+00	3.504063e+00	
651	6.329078e-03	1.644884e+00	2.809280e+00	
652	6.339078e-03	1.645055e+00	3.893943e+00	
653	6.349078e-03	1.645245e+00	3.184934e+00	
654	6.359078e-03	1.645453e+00	4.255229e+00	
655	6.369078e-03	1.645678e+00	3.529329e+00	
656	6.379078e-03	1.645919e+00	4.582180e+00	
657	6.389078e-03	1.646176e+00	3.837027e+00	
658	6.399078e-03	1.646447e+00	4.869947e+00	
659	6.409078e-03	1.646731e+00	4.103104e+00	
660	6.419078e-03	1.647028e+00	5.114038e+00	
661	6.429078e-03	1.647335e+00	4.323205e+00	
662	6.439078e-03	1.647653e+00	5.310620e+00	
663	6.449078e-03	1.647978e+00	4.494067e+00	
664	6.459078e-03	1.648311e+00	5.456602e+00	
665	6.469078e-03	1.648650e+00	4.613057e+00	
666	6.479078e-03	1.648994e+00	5.549689e+00	
667	6.489078e-03	1.649341e+00	4.678306e+00	
668	6.499078e-03	1.649690e+00	5.588421e+00	
669	6.509078e-03	1.650039e+00	4.688783e+00	
670	6.519078e-03	1.650387e+00	5.572195e+00	
671	6.529078e-03	1.650733e+00	4.644318e+00	
672	6.539078e-03	1.651076e+00	5.501271e+00	
673	6.549078e-03	1.651413e+00	4.545602e+00	
674	6.559078e-03	1.651745e+00	5.376775e+00	
675	6.569078e-03	1.652068e+00	4.394177e+00	
676	6.579078e-03	1.652383e+00	5.200674e+00	
677	6.589078e-03	1.652688e+00	4.192391e+00	
678	6.599078e-03	1.652981e+00	4.975749e+00	
679	6.609078e-03	1.653262e+00	3.943236e+00	
680	6.619078e-03	1.653529e+00	4.705548e+00	
681	6.629078e-03	1.653782e+00	3.650628e+00	
682	6.639078e-03	1.654019e+00	4.394319e+00	
683	6.649078e-03	1.654239e+00	3.319324e+00	
684	6.659078e-03	1.654442e+00	4.046831e+00	
685	6.669078e-03	1.654627e+00	2.954548e+00	
686	6.679078e-03	1.654793e+00	3.668278e+00	
687	6.689078e-03	1.654939e+00	2.562045e+00	
688	6.699078e-03	1.655065e+00	3.265014e+00	
689	6.709078e-03	1.655170e+00	2.147999e+00	
690	6.719078e-03	1.655254e+00	2.843433e+00	
691	6.729078e-03	1.655316e+00	1.718934e+00	
692	6.739078e-03	1.655357e+00	2.410190e+00	

Index   time            v(vbias)        v(out)          
--------------------------------------------------------------------------------
693	6.749078e-03	1.655376e+00	1.281609e+00	
694	6.759078e-03	1.655373e+00	1.972125e+00	
695	6.769078e-03	1.655348e+00	8.429155e-01	
696	6.779078e-03	1.655302e+00	1.536152e+00	
697	6.789078e-03	1.655233e+00	4.097654e-01	
698	6.799078e-03	1.655144e+00	1.109153e+00	
699	6.809078e-03	1.655033e+00	-1.10168e-02	
700	6.819078e-03	1.654901e+00	6.978678e-01	
701	6.829078e-03	1.654750e+00	-4.12801e-01	
702	6.839078e-03	1.654579e+00	3.087902e-01	
703	6.849078e-03	1.654389e+00	-7.89204e-01	
704	6.859078e-03	1.654181e+00	-5.19380e-02	
705	6.869078e-03	1.653956e+00	-1.13393e+00	
706	6.879078e-03	1.653715e+00	-3.78621e-01	
707	6.889078e-03	1.653458e+00	-1.44189e+00	
708	6.899078e-03	1.653187e+00	-6.66095e-01	
709	6.909078e-03	1.652903e+00	-1.70835e+00	
710	6.919078e-03	1.652606e+00	-9.09654e-01	
711	6.929078e-03	1.652299e+00	-1.92913e+00	
712	6.939078e-03	1.651982e+00	-1.10550e+00	
713	6.949078e-03	1.651656e+00	-2.10076e+00	
714	6.959078e-03	1.651323e+00	-1.25070e+00	
715	6.969078e-03	1.650984e+00	-2.22054e+00	
716	6.979078e-03	1.650640e+00	-1.34299e+00	
717	6.989078e-03	1.650293e+00	-2.28659e+00	
718	6.999078e-03	1.649944e+00	-1.38092e+00	
719	7.009078e-03	1.649595e+00	-2.29787e+00	
720	7.019078e-03	1.649247e+00	-1.36389e+00	
721	7.029078e-03	1.648901e+00	-2.25422e+00	
722	7.039078e-03	1.648558e+00	-1.29215e+00	
723	7.049078e-03	1.648220e+00	-2.15632e+00	
724	7.059078e-03	1.647889e+00	-1.16682e+00	
725	7.069078e-03	1.647566e+00	-2.00574e+00	
726	7.079078e-03	1.647251e+00	-9.89867e-01	
727	7.089078e-03	1.646946e+00	-1.80484e+00	
728	7.099078e-03	1.646653e+00	-7.63972e-01	
729	7.109078e-03	1.646372e+00	-1.55679e+00	
730	7.119078e-03	1.646105e+00	-4.92504e-01	
731	7.129078e-03	1.645852e+00	-1.26552e+00	
732	7.139078e-03	1.645615e+00	-1.79922e-01	
733	7.149078e-03	1.645394e+00	-9.35564e-01	
734	7.159078e-03	1.645191e+00	1.688148e-01	
735	7.169078e-03	1.645007e+00	-5.71820e-01	
736	7.179078e-03	1.644841e+00	5.482114e-01	
737	7.189078e-03	1.644695e+00	-1.80133e-01	
738	7.199078e-03	1.644569e+00	9.522914e-01	
739	7.209078e-03	1.644464e+00	2.330966e-01	
740	7.219078e-03	1.644380e+00	1.374689e+00	
741	7.229078e-03	1.644317e+00	6.613451e-01	
742	7.239078e-03	1.644276e+00	1.808748e+00	
743	7.249078e-03	1.644257e+00	1.097852e+00	
744	7.259078e-03	1.644260e+00	2.247632e+00	
745	7.269078e-03	1.644285e+00	1.535727e+00	
746	7.279078e-03	1.644332e+00	2.684424e+00	
747	7.289078e-03	1.644400e+00	1.968058e+00	
748	7.299078e-03	1.644490e+00	3.112242e+00	
749	7.309078e-03	1.644601e+00	2.388020e+00	
750	7.319078e-03	1.644732e+00	3.524347e+00	

Index   time            v(vbias)        v(out)          
--------------------------------------------------------------------------------
751	7.329078e-03	1.644884e+00	2.788984e+00	
752	7.339078e-03	1.645055e+00	3.914244e+00	
753	7.349078e-03	1.645244e+00	3.164620e+00	
754	7.359078e-03	1.645452e+00	4.275519e+00	
755	7.369078e-03	1.645677e+00	3.508997e+00	
756	7.379078e-03	1.645918e+00	4.602482e+00	
757	7.389078e-03	1.646175e+00	3.816677e+00	
758	7.399078e-03	1.646446e+00	4.890266e+00	
759	7.409078e-03	1.646730e+00	4.082752e+00	
760	7.419078e-03	1.647027e+00	5.134374e+00	
761	7.429078e-03	1.647334e+00	4.302851e+00	
762	7.439078e-03	1.647652e+00	5.330973e+00	
763	7.449078e-03	1.647978e+00	4.473698e+00	
764	7.459078e-03	1.648311e+00	5.476974e+00	
765	7.469078e-03	1.648650e+00	4.592670e+00	
766	7.479078e-03	1.648993e+00	5.570079e+00	
767	7.489078e-03	1.649340e+00	4.657902e+00	
768	7.499078e-03	1.649689e+00	5.608830e+00	
769	7.509078e-03	1.650038e+00	4.668361e+00	
770	7.519078e-03	1.650387e+00	5.592621e+00	
771	7.529078e-03	1.650733e+00	4.623877e+00	
772	7.539078e-03	1.651075e+00	5.521716e+00	
773	7.549078e-03	1.651413e+00	4.525142e+00	
774	7.559078e-03	1.651744e+00	5.397238e+00	
775	7.569078e-03	1.652068e+00	4.373697e+00	
776	7.579078e-03	1.652382e+00	5.221155e+00	
777	7.589078e-03	1.652687e+00	4.171884e+00	
778	7.599078e-03	1.652980e+00	4.996250e+00	
779	7.609078e-03	1.653261e+00	3.922688e+00	
780	7.619078e-03	1.653529e+00	4.726068e+00	
781	7.629078e-03	1.653781e+00	3.630060e+00	
782	7.639078e-03	1.654018e+00	4.414860e+00	
783	7.649078e-03	1.654239e+00	3.298738e+00	
784	7.659078e-03	1.654442e+00	4.067412e+00	
785	7.669078e-03	1.654626e+00	2.933943e+00	
786	7.679078e-03	1.654792e+00	3.688889e+00	
787	7.689078e-03	1.654938e+00	2.541422e+00	
788	7.699078e-03	1.655064e+00	3.285643e+00	
789	7.709078e-03	1.655169e+00	2.127358e+00	
790	7.719078e-03	1.655253e+00	2.864081e+00	
791	7.729078e-03	1.655316e+00	1.698274e+00	
792	7.739078e-03	1.655357e+00	2.430856e+00	
793	7.749078e-03	1.655375e+00	1.260931e+00	
794	7.759078e-03	1.655373e+00	1.992809e+00	
795	7.769078e-03	1.655348e+00	8.222189e-01	
796	7.779078e-03	1.655301e+00	1.556854e+00	
797	7.789078e-03	1.655232e+00	3.890504e-01	
798	7.799078e-03	1.655143e+00	1.129874e+00	
799	7.809078e-03	1.655032e+00	-3.17502e-02	
800	7.819078e-03	1.654901e+00	7.186073e-01	
801	7.829078e-03	1.654749e+00	-4.33553e-01	
802	7.839078e-03	1.654578e+00	3.295481e-01	
803	7.849078e-03	1.654388e+00	-8.09957e-01	
804	7.859078e-03	1.654181e+00	-3.11616e-02	
805	7.869078e-03	1.653956e+00	-1.15468e+00	
806	7.879078e-03	1.653714e+00	-3.57826e-01	
807	7.889078e-03	1.653458e+00	-1.46266e+00	
808	7.899078e-03	1.653186e+00	-6.45284e-01	

Index   time            v(vbias)        v(out)          
--------------------------------------------------------------------------------
809	7.909078e-03	1.652902e+00	-1.72914e+00	
810	7.919078e-03	1.652606e+00	-8.88849e-01	
811	7.929078e-03	1.652298e+00	-1.94994e+00	
812	7.939078e-03	1.651981e+00	-1.08468e+00	
813	7.949078e-03	1.651655e+00	-2.12158e+00	
814	7.959078e-03	1.651322e+00	-1.22987e+00	
815	7.969078e-03	1.650983e+00	-2.24138e+00	
816	7.979078e-03	1.650639e+00	-1.32214e+00	
817	7.989078e-03	1.650292e+00	-2.30745e+00	
818	7.999078e-03	1.649944e+00	-1.36006e+00	
819	8.009078e-03	1.649594e+00	-2.31875e+00	
820	8.019078e-03	1.649246e+00	-1.34300e+00	
821	8.029078e-03	1.648900e+00	-2.27512e+00	
822	8.039078e-03	1.648557e+00	-1.27124e+00	
823	8.049078e-03	1.648220e+00	-2.17724e+00	
824	8.059078e-03	1.647888e+00	-1.14590e+00	
825	8.069078e-03	1.647565e+00	-2.02667e+00	
826	8.079078e-03	1.647250e+00	-9.68917e-01	
827	8.089078e-03	1.646945e+00	-1.82579e+00	
828	8.099078e-03	1.646652e+00	-7.42984e-01	
829	8.109078e-03	1.646371e+00	-1.57777e+00	
830	8.119078e-03	1.646104e+00	-4.71486e-01	
831	8.129078e-03	1.645851e+00	-1.28651e+00	
832	8.139078e-03	1.645614e+00	-1.58885e-01	
833	8.149078e-03	1.645394e+00	-9.56583e-01	
834	8.159078e-03	1.645191e+00	1.898702e-01	
835	8.169078e-03	1.645006e+00	-5.92887e-01	
836	8.179078e-03	1.644840e+00	5.692855e-01	
837	8.189078e-03	1.644694e+00	-2.01220e-01	
838	8.199078e-03	1.644568e+00	9.733843e-01	
839	8.209078e-03	1.644463e+00	2.119913e-01	
840	8.219078e-03	1.644379e+00	1.395800e+00	
841	8.229078e-03	1.644316e+00	6.402210e-01	
842	8.239078e-03	1.644276e+00	1.829879e+00	
843	8.249078e-03	1.644257e+00	1.076709e+00	
844	8.259078e-03	1.644259e+00	2.268781e+00	
845	8.269078e-03	1.644284e+00	1.514565e+00	
846	8.279078e-03	1.644331e+00	2.705592e+00	
847	8.289078e-03	1.644399e+00	1.946878e+00	
848	8.299078e-03	1.644489e+00	3.133429e+00	
849	8.309078e-03	1.644600e+00	2.366821e+00	
850	8.319078e-03	1.644731e+00	3.545553e+00	
851	8.329078e-03	1.644883e+00	2.767766e+00	
852	8.339078e-03	1.645054e+00	3.935467e+00	
853	8.349078e-03	1.645244e+00	3.143383e+00	
854	8.359078e-03	1.645451e+00	4.296731e+00	
855	8.369078e-03	1.645676e+00	3.487741e+00	
856	8.379078e-03	1.645918e+00	4.623707e+00	
857	8.389078e-03	1.646174e+00	3.795403e+00	
858	8.399078e-03	1.646445e+00	4.911508e+00	
859	8.409078e-03	1.646730e+00	4.061472e+00	
860	8.419078e-03	1.647026e+00	5.155635e+00	
861	8.429078e-03	1.647334e+00	4.281570e+00	
862	8.439078e-03	1.647651e+00	5.352252e+00	
863	8.449078e-03	1.647977e+00	4.452402e+00	
864	8.459078e-03	1.648310e+00	5.498272e+00	
865	8.469078e-03	1.648649e+00	4.571357e+00	
866	8.479078e-03	1.648993e+00	5.591396e+00	

Index   time            v(vbias)        v(out)          
--------------------------------------------------------------------------------
867	8.489078e-03	1.649339e+00	4.636570e+00	
868	8.499078e-03	1.649688e+00	5.630165e+00	
869	8.509078e-03	1.650037e+00	4.647011e+00	
870	8.519078e-03	1.650386e+00	5.613976e+00	
871	8.529078e-03	1.650732e+00	4.602507e+00	
872	8.539078e-03	1.651074e+00	5.543090e+00	
873	8.549078e-03	1.651412e+00	4.503752e+00	
874	8.559078e-03	1.651743e+00	5.418631e+00	
875	8.569078e-03	1.652067e+00	4.352286e+00	
876	8.579078e-03	1.652382e+00	5.242567e+00	
877	8.589078e-03	1.652686e+00	4.150444e+00	
878	8.599078e-03	1.652980e+00	5.017681e+00	
879	8.609078e-03	1.653260e+00	3.901205e+00	
880	8.619078e-03	1.653528e+00	4.747519e+00	
881	8.629078e-03	1.653780e+00	3.608557e+00	
882	8.639078e-03	1.654017e+00	4.436333e+00	
883	8.649078e-03	1.654238e+00	3.277216e+00	
884	8.659078e-03	1.654441e+00	4.088926e+00	
885	8.669078e-03	1.654625e+00	2.912402e+00	
886	8.679078e-03	1.654791e+00	3.710437e+00	
887	8.689078e-03	1.654937e+00	2.519861e+00	
888	8.699078e-03	1.655063e+00	3.307210e+00	
889	8.709078e-03	1.655168e+00	2.105778e+00	
890	8.719078e-03	1.655252e+00	2.885667e+00	
891	8.729078e-03	1.655315e+00	1.676675e+00	
892	8.739078e-03	1.655356e+00	2.452462e+00	
893	8.749078e-03	1.655375e+00	1.239313e+00	
894	8.759078e-03	1.655372e+00	2.014434e+00	
895	8.769078e-03	1.655347e+00	8.005816e-01	
896	8.779078e-03	1.655300e+00	1.578498e+00	
897	8.789078e-03	1.655232e+00	3.673938e-01	
898	8.799078e-03	1.655142e+00	1.151537e+00	
899	8.809078e-03	1.655031e+00	-5.34260e-02	
900	8.819078e-03	1.654900e+00	7.402897e-01	
901	8.829078e-03	1.654748e+00	-4.55248e-01	
902	8.839078e-03	1.654577e+00	3.512498e-01	
903	8.849078e-03	1.654388e+00	-8.31651e-01	
904	8.859078e-03	1.654180e+00	-9.44061e-03	
905	8.869078e-03	1.653955e+00	-1.17638e+00	
906	8.879078e-03	1.653713e+00	-3.36086e-01	
907	8.889078e-03	1.653457e+00	-1.48438e+00	
908	8.899078e-03	1.653186e+00	-6.23526e-01	
909	8.909078e-03	1.652901e+00	-1.75087e+00	
910	8.919078e-03	1.652605e+00	-8.67096e-01	
911	8.929078e-03	1.652297e+00	-1.97169e+00	
912	8.939078e-03	1.651980e+00	-1.06292e+00	
913	8.949078e-03	1.651654e+00	-2.14335e+00	
914	8.959078e-03	1.651321e+00	-1.20809e+00	
915	8.969078e-03	1.650982e+00	-2.26317e+00	
916	8.979078e-03	1.650638e+00	-1.30034e+00	
917	8.989078e-03	1.650291e+00	-2.32926e+00	
918	8.999078e-03	1.649943e+00	-1.33824e+00	
919	9.009078e-03	1.649593e+00	-2.34058e+00	
920	9.019078e-03	1.649245e+00	-1.32116e+00	
921	9.029078e-03	1.648899e+00	-2.29696e+00	
922	9.039078e-03	1.648556e+00	-1.24938e+00	
923	9.049078e-03	1.648219e+00	-2.19911e+00	
924	9.059078e-03	1.647888e+00	-1.12402e+00	

Index   time            v(vbias)        v(out)          
--------------------------------------------------------------------------------
925	9.069078e-03	1.647564e+00	-2.04856e+00	
926	9.079078e-03	1.647249e+00	-9.47015e-01	
927	9.089078e-03	1.646944e+00	-1.84770e+00	
928	9.099078e-03	1.646651e+00	-7.21039e-01	
929	9.109078e-03	1.646370e+00	-1.59969e+00	
930	9.119078e-03	1.646103e+00	-4.49513e-01	
931	9.129078e-03	1.645850e+00	-1.30846e+00	
932	9.139078e-03	1.645613e+00	-1.36892e-01	
933	9.149078e-03	1.645393e+00	-9.78557e-01	
934	9.159078e-03	1.645190e+00	2.118829e-01	
935	9.169078e-03	1.645005e+00	-6.14912e-01	
936	9.179078e-03	1.644839e+00	5.913177e-01	
937	9.189078e-03	1.644693e+00	-2.23265e-01	
938	9.199078e-03	1.644567e+00	9.954361e-01	
939	9.209078e-03	1.644462e+00	1.899267e-01	
940	9.219078e-03	1.644378e+00	1.417872e+00	
941	9.229078e-03	1.644316e+00	6.181368e-01	
942	9.239078e-03	1.644275e+00	1.851970e+00	
943	9.249078e-03	1.644256e+00	1.054605e+00	
944	9.259078e-03	1.644259e+00	2.290892e+00	
945	9.269078e-03	1.644284e+00	1.492442e+00	
946	9.279078e-03	1.644330e+00	2.727722e+00	
947	9.289078e-03	1.644399e+00	1.924734e+00	
948	9.299078e-03	1.644488e+00	3.155579e+00	
949	9.309078e-03	1.644599e+00	2.344658e+00	
950	9.319078e-03	1.644731e+00	3.567723e+00	
951	9.329078e-03	1.644882e+00	2.745584e+00	
952	9.339078e-03	1.645053e+00	3.957654e+00	
953	9.349078e-03	1.645243e+00	3.121181e+00	
954	9.359078e-03	1.645451e+00	4.318907e+00	
955	9.369078e-03	1.645675e+00	3.465519e+00	
956	9.379078e-03	1.645917e+00	4.645896e+00	
957	9.389078e-03	1.646173e+00	3.773161e+00	
958	9.399078e-03	1.646445e+00	4.933716e+00	
959	9.409078e-03	1.646729e+00	4.039221e+00	
960	9.419078e-03	1.647025e+00	5.177862e+00	
961	9.429078e-03	1.647333e+00	4.259321e+00	
962	9.439078e-03	1.647650e+00	5.374501e+00	
963	9.449078e-03	1.647976e+00	4.430138e+00	
964	9.459078e-03	1.648309e+00	5.520538e+00	
965	9.469078e-03	1.648648e+00	4.549075e+00	
966	9.479078e-03	1.648992e+00	5.613682e+00	
967	9.489078e-03	1.649339e+00	4.614269e+00	
968	9.499078e-03	1.649687e+00	5.652471e+00	
969	9.509078e-03	1.650037e+00	4.624689e+00	
970	9.519078e-03	1.650385e+00	5.636302e+00	
971	9.529078e-03	1.650731e+00	4.580165e+00	
972	9.539078e-03	1.651074e+00	5.565435e+00	
973	9.549078e-03	1.651411e+00	4.481389e+00	
974	9.559078e-03	1.651742e+00	5.440996e+00	
975	9.569078e-03	1.652066e+00	4.329900e+00	
976	9.579078e-03	1.652381e+00	5.264952e+00	
977	9.589078e-03	1.652685e+00	4.128027e+00	
978	9.599078e-03	1.652979e+00	5.040087e+00	
979	9.609078e-03	1.653260e+00	3.878745e+00	
980	9.619078e-03	1.653527e+00	4.769946e+00	
981	9.629078e-03	1.653780e+00	3.586076e+00	
982	9.639078e-03	1.654017e+00	4.458783e+00	

Index   time            v(vbias)        v(out)          
--------------------------------------------------------------------------------
983	9.649078e-03	1.654237e+00	3.254715e+00	
984	9.659078e-03	1.654440e+00	4.111415e+00	
985	9.669078e-03	1.654625e+00	2.889881e+00	
986	9.679078e-03	1.654790e+00	3.732964e+00	
987	9.689078e-03	1.654936e+00	2.497321e+00	
988	9.699078e-03	1.655062e+00	3.329757e+00	
989	9.709078e-03	1.655167e+00	2.083217e+00	
990	9.719078e-03	1.655252e+00	2.908234e+00	
991	9.729078e-03	1.655314e+00	1.654094e+00	
992	9.739078e-03	1.655355e+00	2.475049e+00	
993	9.749078e-03	1.655374e+00	1.216712e+00	
994	9.759078e-03	1.655371e+00	2.037042e+00	
995	9.769078e-03	1.655346e+00	7.779608e-01	
996	9.779078e-03	1.655299e+00	1.601126e+00	
997	9.789078e-03	1.655231e+00	3.447529e-01	
998	9.799078e-03	1.655141e+00	1.174185e+00	
999	9.809078e-03	1.655030e+00	-7.60872e-02	
1000	9.819078e-03	1.654899e+00	7.629577e-01	
1001	9.829078e-03	1.654747e+00	-4.77930e-01	
1002	9.839078e-03	1.654576e+00	3.739380e-01	
1003	9.849078e-03	1.654387e+00	-8.54329e-01	
1004	9.859078e-03	1.654179e+00	1.326778e-02	
1005	9.869078e-03	1.653954e+00	-1.19906e+00	
1006	9.879078e-03	1.653713e+00	-3.13358e-01	
1007	9.889078e-03	1.653456e+00	-1.50708e+00	
1008	9.899078e-03	1.653185e+00	-6.00778e-01	
1009	9.909078e-03	1.652901e+00	-1.77359e+00	
1010	9.919078e-03	1.652604e+00	-8.44352e-01	
1011	9.929078e-03	1.652296e+00	-1.99443e+00	
1012	9.939078e-03	1.651979e+00	-1.04017e+00	
1013	9.949078e-03	1.651653e+00	-2.16611e+00	
1014	9.959078e-03	1.651320e+00	-1.18532e+00	
1015	9.969078e-03	1.650981e+00	-2.28595e+00	
1016	9.979078e-03	1.650638e+00	-1.27755e+00	
1017	9.989078e-03	1.650291e+00	-2.35206e+00	
1018	9.999078e-03	1.649942e+00	-1.31543e+00	
1019	1.000000e-02	1.649910e+00	-2.36530e+00	
Gain at 1kHz:
Error: argument out of range for db
  in term: vdb(out)[100]

Doing analysis at TEMP = 27.000000 and TNOM = 27.000000

Using SPARSE 1.3 as Direct Linear Solver
Error: no data saved for A.C. Small signal analysis; analysis not run

No. of Data Rows : 1
Error: no data saved for Transient analysis; analysis not run
doAnalyses: not found

run simulation(s) aborted
	Node                                  Voltage
	----                                  -------
	----	-------
	out                              1.649901e+00
	inv2                             1.649916e+00
	amp_int                          1.651551e+00
	coupled                          1.649917e+00
	buf1_out                         1.814911e+00
	buf1                             1.814928e+00
	vbias                            1.649917e+00
	in                               1.649919e+00
	piezo                            0.000000e+00
	vss                              0.000000e+00
	vdd                              3.300000e+00

	Source	Current
	------	-------

	vdd#branch                       -1.65033e-05
	vss#branch                       0.000000e+00
	vpiezo#branch                    1.649919e-07
	e_buffer1#branch                 -1.64993e-07
	e_amp2#branch                    -1.64974e-05

 Capacitor models (Fixed capacitor)
      model                     C

        cap                     0
         cj                     0
       cjsw                     0
       defw                 1e-05
       defl                     0
     narrow                     0
      short                     0
        del                     0
        tc1                     0
        tc2                     0
         di                     0
      thick                     0
     bv_max                 1e+99

 Diode models (Junction Diode model)
      model               d1n4148

      level                     1
         is              2.52e-09
        jsw                     0
         rs                 0.568
        trs                     0
       trs2                     0
          n                 1.752
         ns                     1
         tt                     0
       ttt1                     0
       ttt2                     0
        cjo                 4e-12
         vj                   0.7
          m                   0.4
        tm1                     0
        tm2                     0
        cjp                     0
        php                     1
       mjsw                  0.33
        ikf                     0
        ikr                     0
        nbv                 1.752
       area                     1
         pj                     0
       tlev                     0
      tlevc                     0
         eg                  1.11
       gap1              0.000702
       gap2                  1108
        xti                     3
        cta                     0
        ctp                     0
        tpb                     0
       tphp                     0
       jtun                     0
     jtunsw                     0
       ntun                    30
     xtitun                     3
        keg                     1
         kf                     0
         af                     1
         fc                   0.5
        fcs                   0.5
         bv                     0
        ibv                 0.001
        tcv                     0
        isr                 1e-14
         nr                     2
     fv_max                 1e+99
     bv_max                 1e+99
     id_max                 1e+99
     te_max                 1e+99
     pd_max                 1e+99
       rth0                     0
       cth0                 1e-05
         lm                     0
         lp                     0
         wm                     0
         wp                     0
        xom                 1e-06
        xoi                 1e-06
         xm                     0
         xp                     0
         xw                     0

 Resistor models (Simple linear resistor)
      model                     R

        rsh                     0
     narrow                     0
      short                     0
        tc1                     0
        tc2                     0
        tce                     0
       defw                 1e-05
          l                 1e-05
         kf                     0
         af                     0
          r                     0
     bv_max                 1e+99
         lf                     1
         wf                     1
         ef                     1

 Capacitor: Fixed capacitor
     device                  c_ac                c_bias                cpiezo
      model                     C                     C                     C
capacitance                 1e-06                 1e-05                 1e-09
      dtemp                     0                     0                     0
     bv_max                 1e+99                 1e+99                 1e+99
          i                     0                     0                     0
          p                     0                     0                    -0

 Diode: Junction Diode model
     device                 d_low                d_high
      model               d1n4148               d1n4148
    thermal                     0                     0
         vd               -1.6499               -1.6501
         id          -2.52158e-09          -2.52158e-09
         gd           1.12762e-12           1.12756e-12
         cd           2.46422e-12           2.46414e-12

 Resistor: Simple linear resistor
     device                r_load            r_gain_gnd             r_gain_fb
      model                     R                     R                     R
 resistance                100000                  1000                  9000
         ac                100000                  1000                  9000
      dtemp                     0                     0                     0
     bv_max                 1e+99                 1e+99                 1e+99
      noisy                     1                     1                     1
          i            1.6499e-05          -1.65155e-09          -1.65158e-09
          p           2.72217e-05           2.72762e-15           2.45495e-14

 Resistor: Simple linear resistor
     device            r_amp2_out                  r_dc             r_buf1_fb
      model                     R                     R                     R
 resistance                   100                 1e+06                 1e+06
         ac                   100                 1e+06                 1e+06
      dtemp                     0                     0                     0
     bv_max                 1e+99                 1e+99                 1e+99
      noisy                     1                     1                     1
          i           1.64974e-05                     0           1.64992e-07
          p           2.72163e-08                     0           2.72223e-08

 Resistor: Simple linear resistor
     device            r_buf1_out               r_bias2               r_bias1
      model                     R                     R                     R
 resistance                   100                100000                100000
         ac                   100                100000                100000
      dtemp                     0                     0                     0
     bv_max                 1e+99                 1e+99                 1e+99
      noisy                     1                     1                     1
          i           1.64993e-07           1.64992e-05           1.65008e-05
          p           2.72227e-12           2.72223e-05           2.72277e-05

 Resistor: Simple linear resistor
     device                rpiezo
      model                     R
 resistance                 1e+07
         ac                 1e+07
      dtemp                     0
     bv_max                 1e+99
      noisy                     1
          i          -1.64992e-07
          p           2.72223e-07

 VCVS: Voltage controlled voltage source
     device                e_amp2             e_buffer1
          i          -1.64974e-05          -1.64993e-07
          v               1.65155               1.81493
          p          -2.72462e-05          -2.99451e-07

 Vsource: Independent voltage source
     device                vpiezo                   vss                   vdd
         dc                     0                     0                   3.3
      acmag                  0.05                     0                     0
      pulse                     0         -         -
                             0.05                    
                             1000                    
        sin                     0         -         -
                             0.05                    
                             1000                    
        exp                     0         -         -
                             0.05                    
                             1000                    
        pwl                     0         -         -
                             0.05                    
                             1000                    
       sffm                     0         -         -
                             0.05                    
                             1000                    
         am                     0         -         -
                             0.05                    
                             1000                    
    trnoise                     0         -         -
                             0.05                    
                             1000                    
   trrandom                     0         -         -
                             0.05                    
                             1000                    
    portnum                     0                     0                     0
         z0                     0                     0                     0
        pwr                     0                     0                     0
       freq                     0                     0                     0
      phase                     0                     0                     0
          i           1.64992e-07                     0          -1.65033e-05
          p                     0                     0           -5.4461e-05


Total analysis time (seconds) = 0.007

Total elapsed time (seconds) = 0.067 

Total DRAM available = 12418.352 MB.
DRAM currently available =  604.348 MB.
Maximum ngspice program size =   20.051 MB.
Current ngspice program size =   10.793 MB.

Shared ngspice pages =    9.168 MB.
Text (code) pages =    5.355 MB.
Stack = 0 bytes.
Library pages =    2.438 MB.

